2026-02-12 14:16:16.994 | INFO     | examples.domino_printing_canopy:build_domino_printing_canopy:420 - ============================================================
2026-02-12 14:16:16.995 | INFO     | examples.domino_printing_canopy:build_domino_printing_canopy:421 - Building Domino Printing - Loading Bay Canopy
2026-02-12 14:16:16.995 | INFO     | examples.domino_printing_canopy:build_domino_printing_canopy:422 - Job Number: 704216
2026-02-12 14:16:16.995 | INFO     | examples.domino_printing_canopy:build_domino_printing_canopy:423 - ============================================================
2026-02-12 14:16:16.995 | DEBUG    | src.core.numbering:__init__:170 - NumberingManager initialized
2026-02-12 14:16:16.995 | INFO     | src.core.model:__init__:70 - Created new StructuralModel: Untitled
2026-02-12 14:16:16.995 | INFO     | examples.domino_printing_canopy:create_custom_profiles:137 - Custom profiles created for Domino Printing project
2026-02-12 14:16:16.995 | INFO     | examples.domino_printing_canopy:build_domino_printing_canopy:442 - 
--- Creating Structural Elements ---

2026-02-12 14:16:16.995 | DEBUG    | src.core.element:__init__:120 - Created Footing with ID b73e83eb-7116-4bd2-b68a-5827c09a783f
2026-02-12 14:16:16.995 | DEBUG    | src.core.footing:__init__:62 - Created Footing at (0.00, 0.00, 0.00), 1200x1200x300mm
2026-02-12 14:16:16.995 | DEBUG    | src.core.numbering:get_number_for_element:258 - New part signature: b73e83eb-7116-4bd2-b68a-5827c09a783f -> F1 (signature: footing|C30/37)
2026-02-12 14:16:16.995 | DEBUG    | src.core.model:add_element:113 - Added element: Footing(id=b73e83eb-7116-4bd2-b68a-5827c09a783f, 1200x1200x300mm, type=pad)
2026-02-12 14:16:16.999 | INFO     | examples.domino_printing_canopy:create_footings:389 - Created footing PAD-B1 (1200x1200)
2026-02-12 14:16:16.999 | DEBUG    | src.core.element:__init__:120 - Created Footing with ID 914db05a-693b-4f53-b795-b48ab81d9ea3
2026-02-12 14:16:16.999 | DEBUG    | src.core.footing:__init__:62 - Created Footing at (0.00, 10000.00, 0.00), 1200x1200x300mm
2026-02-12 14:16:16.999 | DEBUG    | src.core.numbering:get_number_for_element:249 - Identical part found: 914db05a-693b-4f53-b795-b48ab81d9ea3 -> F1 (count: 2)
2026-02-12 14:16:16.999 | DEBUG    | src.core.model:add_element:113 - Added element: Footing(id=914db05a-693b-4f53-b795-b48ab81d9ea3, 1200x1200x300mm, type=pad)
2026-02-12 14:16:16.999 | INFO     | examples.domino_printing_canopy:create_footings:389 - Created footing PAD-C1 (1200x1200)
2026-02-12 14:16:16.999 | DEBUG    | src.core.element:__init__:120 - Created Footing with ID 9874062f-d115-4c91-b998-1d9db38ee80d
2026-02-12 14:16:16.999 | DEBUG    | src.core.footing:__init__:62 - Created Footing at (2500.00, 0.00, 0.00), 1400x1400x300mm
2026-02-12 14:16:16.999 | DEBUG    | src.core.numbering:get_number_for_element:249 - Identical part found: 9874062f-d115-4c91-b998-1d9db38ee80d -> F1 (count: 3)
2026-02-12 14:16:16.999 | DEBUG    | src.core.model:add_element:113 - Added element: Footing(id=9874062f-d115-4c91-b998-1d9db38ee80d, 1400x1400x300mm, type=pad)
2026-02-12 14:16:16.999 | INFO     | examples.domino_printing_canopy:create_footings:389 - Created footing PAD-B2 (1400x1400)
2026-02-12 14:16:16.999 | DEBUG    | src.core.element:__init__:120 - Created Footing with ID 3c2d5055-d6ad-49b5-8f53-6d0d467d83f9
2026-02-12 14:16:16.999 | DEBUG    | src.core.footing:__init__:62 - Created Footing at (2500.00, 10000.00, 0.00), 1400x1400x300mm
2026-02-12 14:16:16.999 | DEBUG    | src.core.numbering:get_number_for_element:249 - Identical part found: 3c2d5055-d6ad-49b5-8f53-6d0d467d83f9 -> F1 (count: 4)
2026-02-12 14:16:16.999 | DEBUG    | src.core.model:add_element:113 - Added element: Footing(id=3c2d5055-d6ad-49b5-8f53-6d0d467d83f9, 1400x1400x300mm, type=pad)
2026-02-12 14:16:17.000 | INFO     | examples.domino_printing_canopy:create_footings:389 - Created footing PAD-C2 (1400x1400)
2026-02-12 14:16:17.000 | DEBUG    | src.core.element:__init__:120 - Created Footing with ID 56cc4111-8527-49ea-8d6a-2983914a5c1f
2026-02-12 14:16:17.000 | DEBUG    | src.core.footing:__init__:62 - Created Footing at (5000.00, 0.00, 0.00), 1400x1400x300mm
2026-02-12 14:16:17.000 | DEBUG    | src.core.numbering:get_number_for_element:249 - Identical part found: 56cc4111-8527-49ea-8d6a-2983914a5c1f -> F1 (count: 5)
2026-02-12 14:16:17.000 | DEBUG    | src.core.model:add_element:113 - Added element: Footing(id=56cc4111-8527-49ea-8d6a-2983914a5c1f, 1400x1400x300mm, type=pad)
2026-02-12 14:16:17.000 | INFO     | examples.domino_printing_canopy:create_footings:389 - Created footing PAD-B3 (1400x1400)
2026-02-12 14:16:17.000 | DEBUG    | src.core.element:__init__:120 - Created Footing with ID d78a8571-52a8-48ee-8155-7a2cc2fda46c
2026-02-12 14:16:17.000 | DEBUG    | src.core.footing:__init__:62 - Created Footing at (5000.00, 10000.00, 0.00), 1400x1400x300mm
2026-02-12 14:16:17.000 | DEBUG    | src.core.numbering:get_number_for_element:249 - Identical part found: d78a8571-52a8-48ee-8155-7a2cc2fda46c -> F1 (count: 6)
2026-02-12 14:16:17.000 | DEBUG    | src.core.model:add_element:113 - Added element: Footing(id=d78a8571-52a8-48ee-8155-7a2cc2fda46c, 1400x1400x300mm, type=pad)
2026-02-12 14:16:17.000 | INFO     | examples.domino_printing_canopy:create_footings:389 - Created footing PAD-C3 (1400x1400)
2026-02-12 14:16:17.000 | DEBUG    | src.core.element:__init__:120 - Created Footing with ID bafd07cb-df63-4aa8-a47e-6e57344bd556
2026-02-12 14:16:17.000 | DEBUG    | src.core.footing:__init__:62 - Created Footing at (7500.00, 0.00, 0.00), 1400x1400x300mm
2026-02-12 14:16:17.000 | DEBUG    | src.core.numbering:get_number_for_element:249 - Identical part found: bafd07cb-df63-4aa8-a47e-6e57344bd556 -> F1 (count: 7)
2026-02-12 14:16:17.000 | DEBUG    | src.core.model:add_element:113 - Added element: Footing(id=bafd07cb-df63-4aa8-a47e-6e57344bd556, 1400x1400x300mm, type=pad)
2026-02-12 14:16:17.000 | INFO     | examples.domino_printing_canopy:create_footings:389 - Created footing PAD-B4 (1400x1400)
2026-02-12 14:16:17.000 | DEBUG    | src.core.element:__init__:120 - Created Footing with ID efa208cb-6f4d-425a-85fe-6b9272d1ae36
2026-02-12 14:16:17.000 | DEBUG    | src.core.footing:__init__:62 - Created Footing at (7500.00, 10000.00, 0.00), 1400x1400x300mm
2026-02-12 14:16:17.000 | DEBUG    | src.core.numbering:get_number_for_element:249 - Identical part found: efa208cb-6f4d-425a-85fe-6b9272d1ae36 -> F1 (count: 8)
2026-02-12 14:16:17.000 | DEBUG    | src.core.model:add_element:113 - Added element: Footing(id=efa208cb-6f4d-425a-85fe-6b9272d1ae36, 1400x1400x300mm, type=pad)
2026-02-12 14:16:17.000 | INFO     | examples.domino_printing_canopy:create_footings:389 - Created footing PAD-C4 (1400x1400)
2026-02-12 14:16:17.000 | DEBUG    | src.core.element:__init__:120 - Created Footing with ID 4dafde61-c148-4dde-823c-507ee7ccd04d
2026-02-12 14:16:17.001 | DEBUG    | src.core.footing:__init__:62 - Created Footing at (10000.00, 0.00, 0.00), 1200x1200x300mm
2026-02-12 14:16:17.001 | DEBUG    | src.core.numbering:get_number_for_element:249 - Identical part found: 4dafde61-c148-4dde-823c-507ee7ccd04d -> F1 (count: 9)
2026-02-12 14:16:17.001 | DEBUG    | src.core.model:add_element:113 - Added element: Footing(id=4dafde61-c148-4dde-823c-507ee7ccd04d, 1200x1200x300mm, type=pad)
2026-02-12 14:16:17.001 | INFO     | examples.domino_printing_canopy:create_footings:389 - Created footing PAD-B5 (1200x1200)
2026-02-12 14:16:17.001 | DEBUG    | src.core.element:__init__:120 - Created Footing with ID e8e5dd03-3d12-4275-9715-6e93735a6c67
2026-02-12 14:16:17.001 | DEBUG    | src.core.footing:__init__:62 - Created Footing at (10000.00, 10000.00, 0.00), 1200x1200x300mm
2026-02-12 14:16:17.001 | DEBUG    | src.core.numbering:get_number_for_element:249 - Identical part found: e8e5dd03-3d12-4275-9715-6e93735a6c67 -> F1 (count: 10)
2026-02-12 14:16:17.001 | DEBUG    | src.core.model:add_element:113 - Added element: Footing(id=e8e5dd03-3d12-4275-9715-6e93735a6c67, 1200x1200x300mm, type=pad)
2026-02-12 14:16:17.001 | INFO     | examples.domino_printing_canopy:create_footings:389 - Created footing PAD-C5 (1200x1200)
Traceback (most recent call last):
  File "C:\Users\Martin PC\My Drive\AI-Projects\Schmekla\test_model.py", line 16, in <module>
    model = build_domino_printing_canopy()
  File "C:\Users\Martin PC\My Drive\AI-Projects\Schmekla\examples\domino_printing_canopy.py", line 448, in build_domino_printing_canopy
    columns = create_columns(model, profiles, steel)
  File "C:\Users\Martin PC\My Drive\AI-Projects\Schmekla\examples\domino_printing_canopy.py", line 209, in create_columns
    col = Column(
        base_point=base_point,
    ...<4 lines>...
        name=name
    )
TypeError: Column.__init__() got an unexpected keyword argument 'base_point'. Did you mean 'start_point'?
Testing model build...
Import successful
Error: Column.__init__() got an unexpected keyword argument 'base_point'. Did you mean 'start_point'?
